All of the following environment variables (geordfbench/scripts/prepareRunEnvironment.sh) are defined: 
	{DatasetBaseDir, RDF4JRepoBaseDir, JVM_Xmx, EnableLuceneSail, CompletionReportDaemonIP, CompletionReportDaemonPort, ScalabilityGenScriptName, ScalabilityGzipRefDSName}
Running script with syntax: 
	./createAllRDF4JRepos.sh false /data/Geographica2_Datasets /data/RDF4J_4.3.15_LuceneRepos/server -Xmx24g true 192.168.1.44 3333 /data/Geographica2_Datasets/Scalability/scalabilityDSGen.sh /data/Geographica2_Datasets/Scalability/scalability500MRefDS.nt.gz
Script start time: Παρ 12 Δεκ 2025 09:56:02 μμ EET
/data/RDF4J_4.3.15_LuceneRepos/server dir does not exist.
	Creating it now ...
Checking/Creating scalability 10M dataset ...
	Scalability 10M dataset already exists
Generating scalability 10M repository ...
	./createRDF4JRepo.sh /data/RDF4J_4.3.15_LuceneRepos/server scalability_10M false "spoc,posc" N-TRIPLES /data/Geographica2_Datasets/Scalability/10M -Xmx24g true "http://www.opengis.net/ont/geosparql#asWKT" 192.168.1.44 3333
CREATE_REPO_ARGS = createman "/data/RDF4J_4.3.15_LuceneRepos/server" "scalability_10M" "FALSE" "true" "spoc,posc" "http://www.opengis.net/ont/geosparql#asWKT"
LOAD_REPO_ARGS = dirloadman "/data/RDF4J_4.3.15_LuceneRepos/server" "scalability_10M" "N-TRIPLES" "/data/Geographica2_Datasets/Scalability/10M" true
log4j:ERROR Could not connect to remote log4j server at [localhost]. We will try again later.
0    [main] INFO  RDF4JSystem  - No LocalRepositoryManager instance present, creating a new one.
82   [main] INFO  RDF4JSystem  - Creating NativeStore base sail with spoc,posc indexes and forceSync = false
86   [main] INFO  RDF4JSystem  - Adding Lucene sail on top of NativeStore
88   [main] INFO  RDF4JSystem  - Lucene sail will spatially index properties: http://www.opengis.net/ont/geosparql#asWKT
239  [main] INFO  RDF4JSystem  - Creating new repository object for repo id = scalability_10M
1128 [main] INFO  RDF4JSystem  - Initialing new repository object for repo id = scalability_10M
1167 [main] INFO  RepoUtil  - RDF4J created with manager lucene repo "/data/RDF4J_4.3.15_LuceneRepos/server/repositories/scalability_10M" in 83 msecs
1167 [main] INFO  RDF4JSystem  - Closing connection...
1168 [main] INFO  RDF4JSystem  - Repository closed.
log4j:ERROR Could not connect to remote log4j server at [localhost]. We will try again later.
0    [main] INFO  RDF4JSystem  - Loading file scalability_10M.nt ...
199636 [main] INFO  RDF4JSystem  - Finished loading file scalability_10M.nt in 199627 msecs
199644 [main] INFO  RepoUtil  - RDF4J loaded with manager all files from "/data/Geographica2_Datasets/Scalability/10M" to repo "/data/RDF4J_4.3.15_LuceneRepos/server/repositories/scalability_10M" in 199664 msecs
199645 [main] INFO  RDF4JSystem  - Closing connection...
202078 [main] INFO  RDF4JSystem  - Repository closed.
RDF4J repository "/data/RDF4J_4.3.15_LuceneRepos/server/repositories/scalability_10M" has size: 1813MB
Script end time: Παρ 12 Δεκ 2025 09:59:29 μμ EET
