All of the following environment variables (geordfbench/scripts/prepareRunEnvironment.sh) are defined: 
	{DatasetBaseDir, RDF4JRepoBaseDir, JVM_Xmx, EnableLuceneSail, CompletionReportDaemonIP, CompletionReportDaemonPort, ScalabilityGenScriptName, ScalabilityGzipRefDSName}
Running script with syntax: 
	./createAllRDF4JRepos.sh false /data/Geographica2_Datasets /data/RDF4J_4.3.15_Repos/server -Xmx24g false 192.168.1.44 3333 /data/Geographica2_Datasets/Scalability/scalabilityDSGen.sh /data/Geographica2_Datasets/Scalability/scalability500MRefDS.nt.gz
Script start time: Παρ 12 Δεκ 2025 07:41:40 μμ EET
/data/RDF4J_4.3.15_Repos/server dir does not exist.
	Creating it now ...
Checking/Creating scalability 10M dataset ...
	Scalability 10M dataset already exists
Generating scalability 10M repository ...
	./createRDF4JRepo.sh /data/RDF4J_4.3.15_Repos/server scalability_10M false "spoc,posc" N-TRIPLES /data/Geographica2_Datasets/Scalability/10M -Xmx24g false "http://www.opengis.net/ont/geosparql#asWKT" 192.168.1.44 3333
CREATE_REPO_ARGS = createman "/data/RDF4J_4.3.15_Repos/server" "scalability_10M" "FALSE" "false" "spoc,posc" "http://www.opengis.net/ont/geosparql#asWKT"
LOAD_REPO_ARGS = dirloadman "/data/RDF4J_4.3.15_Repos/server" "scalability_10M" "N-TRIPLES" "/data/Geographica2_Datasets/Scalability/10M" true
log4j:ERROR Could not connect to remote log4j server at [localhost]. We will try again later.
0    [main] INFO  RDF4JSystem  - No LocalRepositoryManager instance present, creating a new one.
66   [main] INFO  RDF4JSystem  - Creating NativeStore base sail with spoc,posc indexes
181  [main] INFO  RDF4JSystem  - Creating new repository object for repo id = scalability_10M
301  [main] INFO  RDF4JSystem  - Initialing new repository object for repo id = scalability_10M
323  [main] INFO  RepoUtil  - RDF4J created with manager repo "/data/RDF4J_4.3.15_Repos/server/repositories/scalability_10M" in 59 msecs
323  [main] INFO  RDF4JSystem  - Closing connection...
324  [main] INFO  RDF4JSystem  - Repository closed.
log4j:ERROR Could not connect to remote log4j server at [localhost]. We will try again later.
0    [main] INFO  RDF4JSystem  - Loading file scalability_10M.nt ...
105372 [main] INFO  RDF4JSystem  - Finished loading file scalability_10M.nt in 105369 msecs
105377 [main] INFO  RepoUtil  - RDF4J loaded with manager all files from "/data/Geographica2_Datasets/Scalability/10M" to repo "/data/RDF4J_4.3.15_Repos/server/repositories/scalability_10M" in 105375 msecs
105378 [main] INFO  RDF4JSystem  - Closing connection...
105379 [main] INFO  RDF4JSystem  - Repository closed.
RDF4J repository "/data/RDF4J_4.3.15_Repos/server/repositories/scalability_10M" has size: 1262MB
Script end time: Παρ 12 Δεκ 2025 07:43:27 μμ EET
